// Jest Snapshot v1, https://goo.gl/fbAQLP

exports[`SearchSection component matches snapshot 1`] = `
<DocumentFragment>
  <div
    class="GlobalStyles__TextCenterContainer-sc-1m5drgn-1 kwExyG"
  >
    <h3>
      search github repo by keyowrd: 
    </h3>
    <input
      type="text"
    />
  </div>
</DocumentFragment>
`;
